attention blablabla
blablabla
BOT LANCER
BOT LANCER 11/07/2025 15:47:38
2025-07-11 15:51:04,480 - INFO - BOT LANCER 11/07/2025 15:51:01
2025-07-11 15:51:46,349 - INFO - BOT LANCER
2025-07-11 16:01:31,455 - INFO - BOT LANCER
2025-07-11 16:01:40,089 - INFO - matt_karting a regarder ses pronos course
2025-07-11 16:01:43,560 - INFO - matt_karting a regarder ses pronos qualif
2025-07-11 16:01:48,363 - INFO - matt_karting à tenter de réutiliser la commandes pronos course
2025-07-11 16:01:53,912 - INFO - matt_karting à tenter de réutiliser la commandes pronos qualifs
2025-07-11 16:08:22,537 - INFO - la_bagguette à fais ses pronos courses
2025-07-11 16:10:32,945 - INFO - BOT LANCER
2025-07-11 16:10:51,195 - INFO - matt_karting a regarder ses pronos course
2025-07-11 16:10:57,267 - INFO - matt_karting a regarder ses pronos qualif
2025-07-11 16:11:08,578 - INFO - matt_karting a regarder ses pronos qualif
2025-07-11 16:11:36,794 - INFO - la_bagguette à tenter de réutiliser la commandes pronos qualifs
2025-07-11 16:11:57,199 - INFO - la_bagguette à tenter de réutiliser la commandes pronos qualifs
2025-07-11 16:14:14,222 - INFO - la_bagguette a regarder ses pronos course
2025-07-11 16:14:34,878 - INFO - la_bagguette a regarder ses pronos qualif
2025-07-11 16:20:17,548 - INFO - BOT LANCER
2025-07-11 16:34:48,775 - INFO - BOT LANCER
2025-07-11 16:41:06,657 - INFO - BOT LANCER
2025-07-11 16:41:21,282 - INFO - matt_karting a regarder ses pronos course
2025-07-11 16:42:32,277 - INFO - matt_karting a regarder ses pronos course
2025-07-11 16:44:03,624 - INFO - BOT LANCER
2025-07-11 16:45:16,048 - INFO - BOT LANCER
2025-07-11 16:45:22,355 - INFO - matt_karting à tenter de réutiliser la commandes pronos course
2025-07-11 16:45:33,007 - INFO - matt_karting a regarder ses pronos course
2025-07-11 16:52:57,708 - INFO - BOT LANCER
2025-07-11 16:53:09,156 - INFO - matt_karting a regarder ses pronos qualif
2025-07-11 16:53:15,650 - INFO - matt_karting à tenter de réutiliser la commandes pronos qualifs
2025-07-11 16:53:25,544 - INFO - matt_karting a regarder ses pronos qualif
2025-07-11 17:18:31,389 - INFO - BOT LANCER
2025-07-11 17:18:37,077 - INFO - matt_karting a regarder ses pronos course
2025-07-11 17:18:40,471 - INFO - matt_karting a regarder ses pronos qualif
2025-07-11 17:18:46,220 - INFO - matt_karting à tenter de réutiliser la commandes pronos course
2025-07-11 19:11:38,053 - INFO - BOT LANCER
2025-07-11 19:17:00,092 - INFO - BOT LANCER
2025-07-11 20:01:42,420 - INFO - BOT LANCER
2025-07-11 22:02:55,909 - INFO - BOT LANCER
2025-07-11 23:50:41,913 - INFO - BOT LANCER
2025-07-11 23:54:18,938 - INFO - BOT LANCER
2025-07-11 23:54:25,387 - INFO - matt_karting à demander help dans le salon général
2025-07-11 23:57:24,195 - INFO - BOT LANCER
2025-07-11 23:57:33,179 - INFO - matt_karting à demander help dans le salon général
2025-07-12 00:01:50,410 - INFO - BOT LANCER
2025-07-12 00:02:06,988 - INFO - matt_karting à clear 1 lignes dans général
2025-07-12 07:21:48,517 - INFO - BOT LANCER
2025-07-12 08:04:17,959 - INFO - Driver has been initialized.
2025-07-12 08:09:45,490 - INFO - Driver has been initialized.
2025-07-12 08:13:37,216 - INFO - Driver has been initialized.
2025-07-12 08:48:10,552 - INFO - Driver has been initialized.
2025-07-12 08:52:17,485 - INFO - Driver has been initialized.
2025-07-12 08:55:30,587 - INFO - Driver has been initialized.
2025-07-12 08:56:06,852 - INFO - Driver has been initialized.
2025-07-12 09:04:30,830 - INFO - Driver has been initialized.
2025-07-12 09:12:37,230 - INFO - Driver has been initialized.
2025-07-12 09:15:16,480 - INFO - Driver has been initialized.
2025-07-12 09:16:03,387 - INFO - Driver has been initialized.
2025-07-12 09:16:45,853 - INFO - Driver has been initialized.
2025-07-12 09:23:43,795 - INFO - Driver has been initialized.
2025-07-12 09:38:32,547 - INFO - BOT LANCER
2025-07-12 09:38:53,396 - INFO - Driver has been initialized.
2025-07-12 09:38:58,106 - INFO - Récupération des résultats courses.
2025-07-12 09:43:38,102 - INFO - BOT LANCER
2025-07-12 09:43:59,385 - INFO - Driver has been initialized.
2025-07-12 09:44:04,236 - INFO - Récupération des résultats courses.
2025-07-12 09:47:33,582 - INFO - BOT LANCER
2025-07-12 09:47:42,519 - INFO - Driver has been initialized.
2025-07-12 09:47:46,565 - INFO - Récupération des résultats courses.
2025-07-12 09:50:38,281 - INFO - BOT LANCER
2025-07-12 09:53:00,235 - INFO - BOT LANCER
2025-07-12 09:53:16,507 - INFO - Driver has been initialized.
2025-07-12 09:53:21,539 - INFO - Récupération des résultats courses.
2025-07-12 09:56:59,766 - INFO - BOT LANCER
2025-07-12 09:57:09,045 - INFO - Driver has been initialized.
2025-07-12 09:57:13,701 - INFO - Récupération des résultats courses.
2025-07-12 10:02:57,988 - INFO - BOT LANCER
2025-07-12 10:03:45,330 - INFO - BOT LANCER
2025-07-12 10:04:47,499 - INFO - BOT LANCER
2025-07-12 10:04:54,916 - INFO - Driver has been initialized.
2025-07-12 10:04:58,870 - INFO - Récupération des résultats courses.
2025-07-12 10:22:08,729 - INFO - BOT LANCER
2025-07-12 10:22:41,364 - INFO - Driver has been initialized.
2025-07-12 10:22:45,424 - INFO - Récupération des résultats qualif.
2025-07-12 11:08:17,924 - INFO - BOT LANCER
2025-07-12 12:00:49,545 - INFO - BOT LANCER
2025-07-12 12:12:37,410 - INFO - BOT LANCER
2025-07-12 12:12:49,396 - INFO - [matt_karting] Lecture du fichier JSON réussie : ../data/resultats_course.json
2025-07-12 12:12:49,397 - ERROR - [matt_karting] Erreur lors de la lecture du fichier ../data/pronostics_course.xlsx : [Errno 2] No such file or directory: '../data/pronostics_course.xlsx'
2025-07-12 12:13:55,431 - INFO - BOT LANCER
2025-07-12 12:14:03,240 - INFO - [matt_karting] Lecture du fichier JSON réussie : ../data/resultats_course.json
2025-07-12 12:14:04,004 - INFO - [matt_karting] Lecture du fichier Excel réussie : ../data/Result_Course_Pronos_F1F_DEMO.xlsx
2025-07-12 12:18:00,168 - INFO - BOT LANCER
2025-07-12 12:18:18,671 - INFO - Driver has been initialized.
2025-07-12 12:18:27,969 - INFO - Récupération des résultats courses.
2025-07-12 12:19:08,008 - INFO - BOT LANCER
2025-07-12 12:19:18,988 - INFO - Driver has been initialized.
2025-07-12 12:19:28,360 - INFO - Récupération des résultats qualif.
2025-07-12 12:20:14,321 - INFO - BOT LANCER
2025-07-12 12:20:19,336 - INFO - [matt_karting] Lecture du fichier JSON réussie : ../data/resultats_qualif.json
2025-07-12 12:20:19,522 - INFO - [matt_karting] Lecture du fichier Excel réussie : ../data/Result_Qualif_Pronos_F1F_DEMO.xlsx
2025-07-12 12:22:22,077 - INFO - [matt_karting] Lecture du fichier JSON réussie : ../data/resultats_qualif.json
2025-07-12 12:22:22,084 - INFO - [matt_karting] Lecture du fichier Excel réussie : ../data/Result_Qualif_Pronos_F1F_DEMO.xlsx
2025-07-12 12:32:29,217 - INFO - BOT LANCER
2025-07-12 12:32:48,018 - INFO - matt_karting à fais ses pronos qualifs
2025-07-12 12:32:58,485 - INFO - [matt_karting] Lecture du fichier JSON réussie : ../data/resultats_qualif.json
2025-07-12 12:32:58,491 - INFO - [matt_karting] Lecture du fichier Excel réussie : ../data/Result_Qualif_Pronos_F1F_DEMO.xlsx
2025-07-12 13:19:54,802 - INFO - BOT LANCER
2025-07-12 13:48:10,164 - INFO - BOT LANCER
2025-07-12 13:48:19,990 - INFO - matt_karting a regarder ses pronos qualif
2025-07-12 13:48:31,773 - INFO - [matt_karting] Lecture du fichier JSON réussie : ../data/resultats_qualif.json
2025-07-12 13:48:31,784 - INFO - [matt_karting] Lecture du fichier Excel réussie : ../data/Result_Qualif_Pronos_F1F_DEMO.xlsx
2025-07-12 13:51:39,671 - INFO - BOT LANCER
2025-07-12 13:51:48,855 - INFO - [matt_karting] Lecture du fichier JSON réussie : ../data/resultats_qualif.json
2025-07-12 13:51:49,075 - INFO - [matt_karting] Lecture du fichier Excel réussie : ../data/Result_Qualif_Pronos_F1F_DEMO.xlsx
2025-07-12 13:52:52,272 - INFO - BOT LANCER
2025-07-12 13:52:58,716 - INFO - [matt_karting] Lecture du fichier JSON réussie : ../data/resultats_qualif.json
2025-07-12 13:52:58,875 - INFO - [matt_karting] Lecture du fichier Excel réussie : ../data/Result_Qualif_Pronos_F1F_DEMO.xlsx
2025-07-12 13:52:58,887 - INFO - ✅ Classement sauvegardé dans : ../data/Classement_Qualif.xlsx
2025-07-12 13:56:49,631 - INFO - BOT LANCER
2025-07-12 13:56:56,358 - INFO - [matt_karting] Lecture du fichier JSON réussie : ../data/resultats_qualif.json
2025-07-12 13:56:56,534 - INFO - [matt_karting] Lecture du fichier Excel réussie : ../data/Result_Qualif_Pronos_F1F_DEMO.xlsx
2025-07-12 13:56:56,543 - INFO - ✅ Classement sauvegardé dans : ../data/Classement_Qualif.xlsx
2025-07-12 14:00:17,336 - INFO - BOT LANCER
2025-07-12 14:00:23,077 - INFO - [matt_karting] Lecture du fichier JSON réussie : ../data/resultats_qualif.json
2025-07-12 14:00:23,269 - INFO - [matt_karting] Lecture du fichier Excel réussie : ../data/Result_Qualif_Pronos_F1F_DEMO.xlsx
2025-07-12 14:02:23,588 - INFO - BOT LANCER
2025-07-12 14:02:29,122 - INFO - [matt_karting] Lecture du fichier JSON réussie : ../data/resultats_qualif.json
2025-07-12 14:02:29,294 - INFO - [matt_karting] Lecture du fichier Excel réussie : ../data/Result_Qualif_Pronos_F1F_DEMO.xlsx
2025-07-12 14:02:29,303 - INFO - ✅ Classement sauvegardé dans : ../data/Classement_Qualif.xlsx
2025-07-12 14:03:07,500 - INFO - [matt_karting] Lecture du fichier JSON réussie : ../data/resultats_qualif.json
2025-07-12 14:03:07,511 - INFO - [matt_karting] Lecture du fichier Excel réussie : ../data/Result_Qualif_Pronos_F1F_DEMO.xlsx
2025-07-12 14:03:07,524 - INFO - ✅ Classement sauvegardé dans : ../data/Classement_Qualif.xlsx
2025-07-12 14:05:36,562 - INFO - sf211921 à fais ses pronos qualifs
2025-07-12 14:05:44,544 - INFO - [sf211921] Lecture du fichier JSON réussie : ../data/resultats_qualif.json
2025-07-12 14:05:44,553 - INFO - [sf211921] Lecture du fichier Excel réussie : ../data/Result_Qualif_Pronos_F1F_DEMO.xlsx
2025-07-12 14:05:44,565 - INFO - ✅ Classement sauvegardé dans : ../data/Classement_Qualif.xlsx
2025-07-12 14:06:38,433 - INFO - [matt_karting] Lecture du fichier JSON réussie : ../data/resultats_qualif.json
2025-07-12 14:06:38,443 - INFO - [matt_karting] Lecture du fichier Excel réussie : ../data/Result_Qualif_Pronos_F1F_DEMO.xlsx
2025-07-12 14:06:38,457 - INFO - ✅ Classement sauvegardé dans : ../data/Classement_Qualif.xlsx
2025-07-12 14:44:43,406 - INFO - BOT LANCER
2025-07-12 16:12:21,126 - INFO - BOT LANCER
2025-07-12 20:22:15,714 - INFO - BOT LANCER
2025-07-12 20:22:47,668 - INFO - BOT LANCER
2025-07-12 20:22:54,704 - INFO - [matt_karting] Lecture du fichier JSON réussie : ../data/resultats_qualif.json
2025-07-12 20:22:55,849 - INFO - [matt_karting] Lecture du fichier Excel réussie : ../data/Result_Qualif_Pronos_F1F_DEMO.xlsx
2025-07-12 20:22:55,887 - INFO - ✅ Classement sauvegardé dans : ../data/Classement_Qualif.xlsx
2025-07-12 20:23:00,740 - INFO - matt_karting a tenter de regarder ses pronos course alors qu'il n'en avais pas fais
2025-07-12 20:23:07,657 - INFO - matt_karting a regarder ses pronos qualif
2025-07-13 08:29:32,106 - INFO - BOT LANCER
2025-07-13 08:29:45,261 - INFO - [matt_karting] Lecture du fichier JSON réussie : ../data/resultats_qualif.json
2025-07-13 08:29:46,065 - INFO - [matt_karting] Lecture du fichier Excel réussie : ../data/Result_Qualif_Pronos_F1F_DEMO.xlsx
2025-07-13 08:29:46,090 - INFO - ✅ Classement sauvegardé dans : ../data/Classement_Qualif.xlsx
2025-07-13 08:29:57,552 - INFO - matt_karting à fais ses pronos courses
2025-07-13 08:30:03,576 - INFO - matt_karting a regarder ses pronos course
2025-07-13 08:31:20,715 - INFO - Driver has been initialized.
2025-07-13 08:31:23,585 - INFO - Récupération des résultats qualif.
2025-07-13 08:35:31,939 - INFO - BOT LANCER
2025-07-13 09:03:30,578 - INFO - BOT LANCER
2025-07-13 18:39:18,629 - INFO - BOT LANCER
2025-07-13 18:45:40,470 - INFO - BOT LANCER
2025-07-13 18:45:46,770 - INFO - matt_karting a regarder ses pronos course
2025-07-13 18:46:07,697 - INFO - matt_karting à tenter de réutiliser la commandes pronos course
2025-07-13 18:46:25,637 - INFO - Driver has been initialized.
2025-07-13 18:46:29,076 - INFO - Récupération des résultats qualif.
2025-07-16 11:12:13,611 - INFO - BOT LANCER
2025-07-16 11:12:33,565 - INFO - [matt_karting] Lecture du fichier JSON réussie : ../data/resultats_qualif.json
2025-07-16 11:12:33,812 - INFO - [matt_karting] Lecture du fichier Excel réussie : ../data/Result_Qualif_Pronos_F1F_DEMO.xlsx
2025-07-16 11:12:33,844 - INFO - ✅ Classement sauvegardé dans : ../data/Classement_Qualif.xlsx
2025-07-16 13:31:30,166 - INFO - BOT LANCER
2025-07-17 10:31:22,603 - INFO - BOT LANCER
2025-07-17 10:31:37,858 - INFO - [matt_karting] Lecture du fichier JSON réussie : ../data/resultats_qualif.json
2025-07-17 10:31:38,672 - INFO - [matt_karting] Lecture du fichier Excel réussie : ../data/Result_Qualif_Pronos_F1F_DEMO.xlsx
2025-07-17 10:31:38,694 - INFO - ✅ Classement sauvegardé dans : ../data/Classement_Qualif.xlsx
2025-07-17 10:43:02,757 - INFO - BOT LANCER
2025-07-17 10:54:39,861 - INFO - BOT LANCER
2025-07-17 10:55:46,653 - ERROR - Erreur pendant le ban : Member.ban() got an unexpected keyword argument 'article'
2025-07-17 12:21:35,478 - INFO - BOT LANCER
2025-07-17 12:26:08,211 - INFO - BOT LANCER
2025-07-17 12:26:41,460 - INFO - BOT LANCER
2025-07-17 15:10:28,230 - INFO - BOT LANCER
2025-07-17 15:13:02,828 - INFO - BOT LANCER
2025-07-17 15:16:38,255 - INFO - BOT LANCER
2025-07-17 15:18:53,914 - INFO - BOT LANCER
2025-07-17 15:19:37,136 - INFO - BOT LANCER
2025-07-17 15:21:13,862 - INFO - BOT LANCER
2025-07-17 15:23:16,426 - INFO - BOT LANCER
2025-07-17 15:27:07,644 - INFO - BOT LANCER
2025-07-17 15:28:25,704 - INFO - BOT LANCER
2025-07-17 15:37:11,061 - INFO - BOT LANCER
2025-07-17 15:45:43,439 - INFO - BOT LANCER
2025-07-17 15:47:05,211 - INFO - BOT LANCER
2025-07-17 15:56:55,719 - INFO - BOT LANCER
2025-07-17 15:58:23,893 - INFO - BOT LANCER
2025-07-17 15:59:51,362 - INFO - BOT LANCER
2025-07-17 15:59:58,082 - INFO - matt_karting a tenter de regarder ses pronos course alors qu'il n'en avais pas fais
2025-07-17 16:01:03,204 - INFO - BOT LANCER
2025-07-17 16:01:07,995 - INFO - matt_karting a tenter de regarder ses pronos course alors qu'il n'en avais pas fais
2025-07-18 11:23:59,190 - INFO - BOT LANCER
2025-07-18 11:24:25,258 - INFO - matt_karting à demander présentation dans le salon général
2025-07-18 11:27:03,511 - INFO - sf211921 à demander présentation dans le salon général
2025-07-18 11:44:17,520 - INFO - BOT LANCER
2025-07-18 11:48:39,551 - INFO - BOT LANCER
2025-07-18 11:50:06,282 - INFO - BOT LANCER
2025-07-18 11:57:04,060 - INFO - BOT LANCER
2025-07-18 11:58:56,452 - INFO - BOT LANCER
2025-07-18 11:59:58,278 - INFO - whisper9741 à demander une présentation dans le salon général
2025-07-18 12:02:33,044 - INFO - BOT LANCER
2025-07-18 12:03:02,897 - INFO - BOT LANCER
2025-07-18 12:05:29,828 - INFO - BOT LANCER
2025-07-18 12:06:05,619 - INFO - matt_karting à demander une présentation dans le salon général
2025-07-18 12:07:58,828 - INFO - BOT LANCER
2025-07-18 12:08:24,395 - INFO - matt_karting à demander une présentation dans le salon général
2025-07-18 12:08:59,635 - INFO - BOT LANCER
2025-07-18 12:09:28,097 - INFO - BOT LANCER
2025-07-18 12:10:17,550 - INFO - BOT LANCER
2025-07-18 12:30:34,529 - INFO - la_bagguette a tenter de regarder ses pronos course alors qu'il n'en avais pas fais
2025-07-18 12:34:10,384 - INFO - la_bagguette à demander une présentation dans le salon général
2025-07-18 13:56:33,047 - INFO - BOT LANCER
2025-07-18 15:32:42,772 - INFO - BOT LANCER
2025-07-18 16:27:52,967 - ERROR - Erreur pendant le ban : Member.ban() got an unexpected keyword argument 'article'
2025-07-18 16:29:53,301 - INFO - BOT LANCER
2025-07-18 23:08:28,923 - INFO - BOT LANCER
2025-07-18 23:26:17,424 - INFO - BOT LANCER
2025-07-19 00:31:33,285 - INFO - BOT LANCER
2025-07-19 00:33:18,786 - INFO - matt_karting à demander une présentation dans le salon général
2025-07-19 12:50:51,304 - INFO - BOT LANCER
2025-07-19 12:50:56,195 - INFO - BOT LANCER
2025-07-19 13:01:48,741 - INFO - BOT LANCER
2025-07-20 09:23:33,306 - INFO - BOT LANCER
2025-07-21 09:30:25,179 - INFO - BOT LANCER
2025-07-21 10:06:22,255 - INFO - BOT LANCER
2025-07-21 10:06:44,384 - INFO - Présentation par matt_karting dans général sur TEST F1F
2025-07-21 10:52:17,276 - INFO - BOT LANCER
2025-07-21 12:02:01,853 - INFO - BOT LANCER
2025-07-21 14:40:46,810 - INFO - BOT LANCER
2025-07-21 14:41:04,790 - INFO - Présentation par matt_karting dans ⭐・paddock-général sur Formula 1 France
2025-07-21 14:55:06,030 - INFO - BOT LANCER
2025-07-21 15:02:32,769 - INFO - Présentation par matt_karting dans ⭐・paddock-vip sur Formula 1 France
2025-07-21 16:12:34,824 - INFO - Présentation par whisper9741 dans ⭐・paddock-général sur Formula 1 France
2025-07-21 16:15:18,996 - INFO - Présentation par leahf1 dans ⭐・paddock-général sur Formula 1 France
2025-07-21 16:22:41,024 - INFO - Présentation par matt_karting dans ⭐・paddock-vip sur Formula 1 France
2025-07-21 16:34:59,438 - INFO - Présentation par tigerone4980 dans 🎂・anniversaire sur Formula 1 France
<<<<<<< HEAD
2025-07-21 16:56:18,657 - INFO - BOT LANCER
2025-07-21 16:57:17,821 - INFO - Présentation par matt_karting en mp
2025-07-21 16:59:11,030 - INFO - BOT LANCER
2025-07-21 16:59:33,377 - INFO - Présentation par matt_karting en MP
2025-07-21 16:59:53,667 - INFO - Présentation par matt_karting dans ⭐・paddock-vip sur Formula 1 France
2025-07-22 09:30:22,598 - INFO - BOT LANCER
=======
>>>>>>> origin/prod
2025-07-22 10:04:00,632 - INFO - BOT LANCER
2025-07-22 11:21:27,604 - INFO - BOT LANCER
2025-07-22 13:01:09,124 - INFO - BOT LANCER
2025-07-22 13:38:41,960 - INFO - Présentation par palmer_jrr dans ⭐・paddock-vip sur Formula 1 France
2025-07-22 14:18:45,629 - INFO - BOT LANCER
2025-07-22 14:21:05,202 - INFO - BOT LANCER
2025-07-22 14:24:13,649 - INFO - BOT LANCER
2025-07-22 14:24:48,736 - INFO - BOT LANCER
2025-07-22 14:26:42,316 - INFO - BOT LANCER
2025-07-22 14:30:16,090 - INFO - BOT LANCER
2025-07-22 14:30:49,185 - ERROR - Erreur pendant l'enregistrement du prono qualif
Traceback (most recent call last):
  File "C:\Users\mdepe\OneDrive - Groupe ESIEA\Bureau\ESIEABOT\code\Private_Bot_Discord_F1F\app\_app.py", line 85, in submit_qualif
    success = pr.pronos_qualif(
        interaction.user.id,
        str(interaction.user),
        premier, deuxieme, troisieme
    )
  File "C:\Users\mdepe\OneDrive - Groupe ESIEA\Bureau\ESIEABOT\code\Private_Bot_Discord_F1F\app\pronos.py", line 210, in pronos_qualif
    country = country_fonction()
  File "C:\Users\mdepe\OneDrive - Groupe ESIEA\Bureau\ESIEABOT\code\Private_Bot_Discord_F1F\app\pronos.py", line 22, in country_fonction
    elif now <= row.Session5DateUtc:
         ^^^^^^^^^^^^^^^^^^^^^^^^^^
  File "pandas/_libs/tslibs/timestamps.pyx", line 337, in pandas._libs.tslibs.timestamps._Timestamp.__richcmp__
TypeError: can't compare offset-naive and offset-aware datetimes
2025-07-22 14:35:34,108 - INFO - BOT LANCER
2025-07-22 14:46:02,981 - INFO - BOT LANCER
2025-07-22 14:46:25,178 - ERROR - Erreur pendant l'enregistrement du prono qualif
Traceback (most recent call last):
  File "C:\Users\mdepe\OneDrive - Groupe ESIEA\Bureau\ESIEABOT\code\Private_Bot_Discord_F1F\app\_app.py", line 68, in submit
    success = pr.pronos(
        interaction.user.id,
        str(interaction.user),
        premier, deuxieme, troisieme
    )
TypeError: pronos() missing 1 required positional argument: 'bt'
2025-07-22 14:47:10,693 - INFO - BOT LANCER
2025-07-22 14:52:43,644 - INFO - BOT LANCER
2025-07-22 14:53:25,047 - INFO - matt_karting a consulté ses pronos
2025-07-22 14:53:58,812 - ERROR - Erreur dans visualisation : Expecting value: line 1 column 1 (char 0)
2025-07-22 15:07:23,711 - INFO - BOT LANCER
2025-07-22 15:08:11,403 - ERROR - Erreur dans visualisation : Expecting value: line 1 column 1 (char 0)
2025-07-22 15:11:19,129 - ERROR - Erreur dans visualisation : [Errno 2] No such file or directory: 'data/pronos_Belgium.json'
2025-07-22 15:11:30,720 - INFO - BOT LANCER
2025-07-22 15:11:36,044 - ERROR - Erreur dans visualisation : [Errno 2] No such file or directory: 'data/pronos_Belgium.json'
2025-07-22 15:20:06,650 - INFO - BOT LANCER
2025-07-22 15:22:06,430 - INFO - BOT LANCER
2025-07-22 15:46:24,671 - INFO - BOT LANCER
2025-07-22 15:54:57,842 - INFO - BOT LANCER
2025-07-22 15:55:07,696 - INFO - Fichiers nécessaires absents ou invalides, arrêt de la fonction.
2025-07-22 15:55:07,706 - INFO - Fichiers nécessaires absents ou invalides, arrêt de la fonction.
2025-07-22 15:55:07,719 - INFO - Fichiers nécessaires absents ou invalides, arrêt de la fonction.
2025-07-22 15:56:07,404 - INFO - BOT LANCER
2025-07-22 15:56:15,619 - INFO - Fichiers nécessaires absents ou invalides, arrêt de la fonction.
2025-07-22 15:56:15,635 - INFO - Fichiers nécessaires absents ou invalides, arrêt de la fonction.
2025-07-22 15:56:15,646 - INFO - Fichiers nécessaires absents ou invalides, arrêt de la fonction.
2025-07-22 15:56:15,647 - INFO - Save_result bien app
2025-07-22 16:04:23,549 - INFO - BOT LANCER
2025-07-22 16:04:31,351 - INFO - save_results appelée avec race_type = Qualif
2025-07-22 16:04:31,534 - INFO - Fichiers nécessaires absents ou invalides, arrêt de la fonction.
2025-07-22 16:04:31,534 - INFO - save_results appelée avec race_type = CourseSprint
2025-07-22 16:04:31,545 - INFO - Fichiers nécessaires absents ou invalides, arrêt de la fonction.
2025-07-22 16:04:31,545 - INFO - save_results appelée avec race_type = Course
2025-07-22 16:04:31,558 - INFO - Fichiers nécessaires absents ou invalides, arrêt de la fonction.
2025-07-22 16:04:31,558 - INFO - Save_result bien app
2025-07-22 16:05:35,269 - INFO - matt_karting à fais son pronos course
2025-07-22 16:05:41,039 - INFO - save_results appelée avec race_type = Qualif
2025-07-22 16:05:41,052 - INFO - Calcul des points pour l'utilisateur 1200489866165747722 (matt_karting)
2025-07-22 16:05:41,053 - INFO - Premier à la bonne place pour matt_karting, +1 pts
2025-07-22 16:05:41,053 - INFO - Deuxième à la bonne place pour matt_karting, +1 pts
2025-07-22 16:05:41,053 - INFO - Leaderboard mis à jour avec 2 utilisateurs.
2025-07-22 16:05:41,053 - INFO - save_results appelée avec race_type = CourseSprint
2025-07-22 16:05:41,063 - INFO - Calcul des points pour l'utilisateur 1200489866165747722 (matt_karting)
2025-07-22 16:05:41,064 - INFO - Premier à la bonne place pour matt_karting, +1 pts
2025-07-22 16:05:41,064 - INFO - Deuxième à la bonne place pour matt_karting, +1 pts
2025-07-22 16:05:41,064 - INFO - Leaderboard mis à jour avec 2 utilisateurs.
2025-07-22 16:05:41,064 - INFO - save_results appelée avec race_type = Course
2025-07-22 16:05:41,079 - INFO - Calcul des points pour l'utilisateur 1200489866165747722 (matt_karting)
2025-07-22 16:05:41,079 - INFO - Premier à la bonne place pour matt_karting, +2 pts
2025-07-22 16:05:41,080 - INFO - Deuxième à la bonne place pour matt_karting, +2 pts
2025-07-22 16:05:41,081 - INFO - Leaderboard mis à jour avec 2 utilisateurs.
2025-07-22 16:05:41,081 - INFO - Save_result bien app
2025-07-22 16:08:19,743 - INFO - save_results appelée avec race_type = Qualif
2025-07-22 16:08:19,758 - INFO - Calcul des points pour l'utilisateur 1200489866165747722 (matt_karting)
2025-07-22 16:08:19,758 - INFO - Premier à la bonne place pour matt_karting, +1 pts
2025-07-22 16:08:19,758 - INFO - Deuxième à la bonne place pour matt_karting, +1 pts
2025-07-22 16:08:19,758 - INFO - Leaderboard mis à jour avec 2 utilisateurs.
2025-07-22 16:08:19,758 - INFO - save_results appelée avec race_type = CourseSprint
2025-07-22 16:08:19,768 - INFO - Calcul des points pour l'utilisateur 1200489866165747722 (matt_karting)
2025-07-22 16:08:19,768 - INFO - Premier à la bonne place pour matt_karting, +1 pts
2025-07-22 16:08:19,768 - INFO - Deuxième à la bonne place pour matt_karting, +1 pts
2025-07-22 16:08:19,769 - INFO - Leaderboard mis à jour avec 2 utilisateurs.
2025-07-22 16:08:19,769 - INFO - save_results appelée avec race_type = Course
2025-07-22 16:08:19,785 - INFO - Calcul des points pour l'utilisateur 1200489866165747722 (matt_karting)
2025-07-22 16:08:19,786 - INFO - Premier à la bonne place pour matt_karting, +2 pts
2025-07-22 16:08:19,786 - INFO - Deuxième à la bonne place pour matt_karting, +2 pts
2025-07-22 16:08:19,787 - INFO - Leaderboard mis à jour avec 2 utilisateurs.
2025-07-22 16:08:19,787 - INFO - Save_result bien app
2025-07-22 16:08:37,281 - INFO - save_results appelée avec race_type = Qualif
2025-07-22 16:08:37,304 - INFO - Calcul des points pour l'utilisateur 1200489866165747722 (matt_karting)
2025-07-22 16:08:37,304 - INFO - Premier à la bonne place pour matt_karting, +1 pts
2025-07-22 16:08:37,304 - INFO - Deuxième à la bonne place pour matt_karting, +1 pts
2025-07-22 16:08:37,305 - INFO - Leaderboard mis à jour avec 2 utilisateurs.
2025-07-22 16:08:37,305 - INFO - save_results appelée avec race_type = CourseSprint
2025-07-22 16:08:37,324 - INFO - Calcul des points pour l'utilisateur 1200489866165747722 (matt_karting)
2025-07-22 16:08:37,324 - INFO - Premier à la bonne place pour matt_karting, +1 pts
2025-07-22 16:08:37,324 - INFO - Deuxième à la bonne place pour matt_karting, +1 pts
2025-07-22 16:08:37,325 - INFO - Leaderboard mis à jour avec 2 utilisateurs.
2025-07-22 16:08:37,325 - INFO - save_results appelée avec race_type = Course
2025-07-22 16:08:37,345 - INFO - Calcul des points pour l'utilisateur 1200489866165747722 (matt_karting)
2025-07-22 16:08:37,345 - INFO - Premier à la bonne place pour matt_karting, +2 pts
2025-07-22 16:08:37,345 - INFO - Deuxième à la bonne place pour matt_karting, +2 pts
2025-07-22 16:08:37,345 - INFO - Leaderboard mis à jour avec 2 utilisateurs.
2025-07-22 16:08:37,346 - INFO - Save_result bien app
2025-07-22 16:09:29,169 - INFO - BOT LANCER
2025-07-22 16:19:07,765 - INFO - BOT LANCER
2025-07-22 16:19:21,355 - INFO - matt_karting à regarder le leaderbord
2025-07-22 16:20:38,166 - INFO - matt_karting à fais son pronos course
2025-07-22 16:20:44,259 - INFO - matt_karting à regarder le leaderbord
2025-07-23 07:47:34,527 - INFO - BOT LANCER
2025-07-23 07:58:00,375 - INFO - matt_karting à regarder le leaderbord
2025-07-23 08:23:13,809 - INFO - BOT LANCER
2025-07-23 10:10:17,832 - INFO - BOT LANCER
2025-07-23 14:19:21,857 - INFO - BOT LANCER
2025-07-23 14:42:40,236 - INFO - BOT LANCER
2025-07-23 14:43:00,230 - WARNING - Les résultats ne sont pas encore disponibles.
2025-07-23 15:48:37,665 - INFO - BOT LANCER
2025-07-24 09:39:47,739 - INFO - BOT LANCER
2025-07-24 09:54:33,789 - INFO - BOT LANCER
2025-07-24 10:50:51,515 - INFO - BOT LANCER
2025-07-24 10:54:14,138 - INFO - BOT LANCER
2025-07-24 10:59:00,873 - INFO - BOT LANCER
2025-07-24 10:59:55,051 - INFO - BOT LANCER
2025-07-24 11:48:17,259 - INFO - BOT LANCER
2025-07-24 14:39:22,244 - INFO - BOT LANCER
2025-07-24 14:39:56,651 - INFO - Pas de Date pour la qualif à Sakhir
2025-07-24 14:39:56,651 - INFO - Pas de Date pour la course à Sakhir
2025-07-25 11:21:36,479 - INFO - BOT LANCER
2025-07-25 11:22:16,526 - INFO - matt_karting à fais son pronos course sprint
2025-07-25 11:47:00,647 - INFO - BOT LANCER
2025-07-25 11:48:56,643 - INFO - matt_karting à fais son pronos qualif
2025-07-25 12:14:43,083 - INFO - la_bagguette à fais son pronos qualif
2025-07-25 12:26:30,599 - INFO - palmer_jrr à fais son pronos qualif
2025-07-25 12:27:03,500 - INFO - matt_karting à visualisé ses pronos.
2025-07-25 12:28:36,017 - INFO - palmer_jrr à visualisé ses pronos.
2025-07-25 12:48:05,952 - INFO - lepingouin_1 à fais son pronos course
2025-07-25 12:48:23,367 - INFO - BOT LANCER
2025-07-25 12:50:35,481 - INFO - BOT LANCER
2025-07-25 12:57:08,203 - INFO - debo.07 à fais son pronos qualif
2025-07-25 12:57:43,049 - INFO - debo.07 à visualisé ses pronos.
2025-07-25 13:00:08,588 - INFO - matt_karting à visualisé ses pronos.
2025-07-25 13:05:38,325 - INFO - Présentation par debo.07 dans ⭐・paddock-général sur F1F VIP
2025-07-25 13:05:38,325 - INFO - debo.07 a demandé la présentation du BOT
2025-07-25 13:17:10,083 - INFO - Présentation par matt_karting dans ⭐・paddock-général sur F1F VIP
2025-07-25 13:17:10,083 - INFO - matt_karting a demandé la présentation du BOT
2025-07-25 13:17:10,155 - INFO - Présentation par matt_karting dans ⭐・paddock-général sur F1F VIP
2025-07-25 13:17:10,155 - INFO - matt_karting a demandé la présentation du BOT
2025-07-25 13:19:00,453 - INFO - matt_karting à fais son pronos qualif
2025-07-25 13:19:03,591 - INFO - matt_karting à visualisé ses pronos.
2025-07-25 13:48:28,654 - INFO - BOT LANCER
2025-07-25 14:06:27,480 - INFO - Présentation par nollywyn dans ⭐・paddock-général sur F1F VIP
2025-07-25 14:06:27,480 - INFO - nollywyn a demandé la présentation du BOT
2025-07-25 14:08:34,989 - INFO - nollywyn à visualisé ses pronos.
2025-07-25 14:16:53,171 - INFO - nollywyn à fais son pronos qualif
2025-07-25 14:18:52,656 - INFO - matt_karting a demandé les règles du BOT.
2025-07-25 14:19:06,580 - INFO - matt_karting a demandé /help dans ⭐・paddock-général
2025-07-25 14:21:24,150 - INFO - nollywyn à visualisé ses pronos.
2025-07-25 14:23:35,748 - INFO - nollywyn a demandé les règles du BOT.
2025-07-25 14:26:22,714 - INFO - nollywyn a demandé les règles du BOT.
2025-07-25 14:27:34,232 - INFO - nollywyn a demandé /help dans ⭐・paddock-général
2025-07-25 15:40:46,190 - INFO - matt_karting à visualisé ses pronos.
2025-07-25 16:25:32,575 - INFO - BOT LANCER
2025-07-25 16:33:41,818 - INFO - BOT LANCER
2025-07-25 16:34:49,280 - INFO - BOT LANCER
2025-07-26 00:56:42,870 - INFO - BOT LANCER
2025-07-26 00:59:07,972 - INFO - matt_karting a demandé /help dans général
2025-07-26 01:00:48,451 - INFO - matt_karting à fais son pronos course sprint
2025-07-26 01:01:33,642 - INFO - matt_karting à visualisé ses pronos.
2025-07-26 01:02:40,819 - INFO - matt_karting à regarder le leaderbord
2025-07-26 01:04:52,960 - INFO - Présentation par matt_karting dans général sur TEST F1F
2025-07-26 01:04:52,960 - INFO - matt_karting a demandé la présentation du BOT
2025-07-26 01:05:08,571 - INFO - matt_karting a demandé les règles du BOT.
2025-07-26 08:37:57,631 - INFO - BOT LANCER
2025-07-26 08:59:58,720 - INFO - BOT LANCER
2025-07-26 09:02:05,808 - INFO - BOT LANCER
2025-07-26 09:03:48,135 - INFO - BOT LANCER
2025-07-26 09:04:31,048 - INFO - BOT LANCER
2025-07-26 09:04:36,038 - INFO - matt_karting a demandé son salaire journalié
2025-07-26 09:05:05,665 - INFO - matt_karting a demandé son salaire journalié
2025-07-26 09:05:21,779 - INFO - matt_karting a demandé son salaire journalié
2025-07-26 09:18:34,905 - INFO - BOT LANCER
2025-07-26 09:19:59,361 - INFO - BOT LANCER
2025-07-26 09:20:29,015 - INFO - matt_karting a demandé son salaire journalié
2025-07-26 09:20:34,877 - INFO - matt_karting a regardé son solde
2025-07-26 11:12:24,542 - INFO - BOT LANCER
2025-07-26 16:18:03,018 - INFO - BOT LANCER
2025-07-27 11:23:23,851 - INFO - BOT LANCER
2025-07-27 20:33:20,083 - INFO - BOT LANCER
2025-07-29 11:14:09,994 - INFO - BOT LANCER
2025-07-29 11:14:16,799 - INFO - matt_karting a demandé son salaire journalié
2025-07-29 11:14:21,247 - INFO - matt_karting a demandé son salaire journalié
2025-07-29 11:14:40,193 - INFO - matt_karting a regardé son solde
2025-07-29 16:05:07,527 - INFO - BOT LANCER
2025-07-29 16:05:18,347 - INFO - matt_karting à visualisé ses pronos.
2025-07-29 16:12:05,119 - INFO - matt_karting à fais son pronos qualif
2025-07-29 16:12:27,155 - INFO - matt_karting à visualisé ses pronos.
2025-07-29 16:13:00,781 - INFO - matt_karting à visualisé ses pronos.
2025-07-29 16:15:03,749 - INFO - matt_karting à regarder le leaderbord
2025-07-29 16:16:24,683 - INFO - matt_karting à visualisé ses pronos.
2025-07-29 16:16:30,227 - INFO - matt_karting à regarder le leaderbord
2025-07-29 16:16:52,433 - INFO - Résultats sauvegardés dans data/Results_Qualif_belgium.json
2025-07-29 16:17:05,856 - INFO - matt_karting à regarder le leaderbord
2025-07-30 09:51:48,270 - INFO - BOT LANCER
2025-07-30 11:08:08,592 - INFO - BOT LANCER
2025-07-30 11:08:22,771 - INFO - Résultats sauvegardés dans data/Results_Qualif_belgium.json
2025-07-30 11:12:29,882 - INFO - BOT LANCER
2025-07-30 11:17:11,110 - INFO - BOT LANCER
2025-07-30 11:50:35,144 - INFO - matt_karting a demandé son salaire journalié
2025-07-30 11:50:50,534 - INFO - whisper9741 a demandé son salaire journalié
2025-07-30 11:51:06,940 - INFO - matt_karting a regardé son solde
2025-07-30 11:55:51,944 - INFO - BOT LANCER
2025-07-30 11:56:00,004 - INFO - [Bahrain] Pas de date pour la session 'R'
2025-07-30 11:56:00,004 - INFO - [Bahrain] Pas de date pour la session 'Q'
2025-07-30 12:02:54,416 - INFO - BOT LANCER
2025-07-30 12:05:48,583 - INFO - BOT LANCER
2025-07-30 12:05:53,992 - INFO - [Bahrain] Session 'P' déjà passée
2025-07-30 12:05:53,992 - INFO - [Bahrain] Session 'P' déjà passée
2025-07-30 12:05:53,992 - INFO - [Bahrain] Session 'P' déjà passée
2025-07-30 12:05:53,992 - INFO - [Australia] Session 'P' déjà passée
2025-07-30 12:05:53,992 - INFO - [Australia] Session 'P' déjà passée
2025-07-30 12:05:53,992 - INFO - [Australia] Session 'P' déjà passée
2025-07-30 12:05:53,992 - INFO - [Australia] Session 'Q' déjà passée
2025-07-30 12:05:53,992 - INFO - [Australia] Session 'R' déjà passée
2025-07-30 12:05:53,992 - INFO - [China] Session 'P' déjà passée
2025-07-30 12:05:53,993 - INFO - [China] Session 'S' déjà passée
2025-07-30 12:05:53,993 - INFO - [China] Session 'S' déjà passée
2025-07-30 12:05:53,993 - INFO - [China] Session 'Q' déjà passée
2025-07-30 12:05:53,993 - INFO - [China] Session 'R' déjà passée
2025-07-30 12:05:53,993 - INFO - [Japan] Session 'P' déjà passée
2025-07-30 12:05:53,993 - INFO - [Japan] Session 'P' déjà passée
2025-07-30 12:05:53,993 - INFO - [Japan] Session 'P' déjà passée
2025-07-30 12:05:53,993 - INFO - [Japan] Session 'Q' déjà passée
2025-07-30 12:05:53,993 - INFO - [Japan] Session 'R' déjà passée
2025-07-30 12:05:53,994 - INFO - [Bahrain] Session 'P' déjà passée
2025-07-30 12:05:53,994 - INFO - [Bahrain] Session 'P' déjà passée
2025-07-30 12:05:53,994 - INFO - [Bahrain] Session 'P' déjà passée
2025-07-30 12:05:53,994 - INFO - [Bahrain] Session 'Q' déjà passée
2025-07-30 12:05:53,994 - INFO - [Bahrain] Session 'R' déjà passée
2025-07-30 12:05:53,994 - INFO - [Saudi Arabia] Session 'P' déjà passée
2025-07-30 12:05:53,994 - INFO - [Saudi Arabia] Session 'P' déjà passée
2025-07-30 12:05:53,994 - INFO - [Saudi Arabia] Session 'P' déjà passée
2025-07-30 12:05:53,994 - INFO - [Saudi Arabia] Session 'Q' déjà passée
2025-07-30 12:05:53,994 - INFO - [Saudi Arabia] Session 'R' déjà passée
2025-07-30 12:05:53,995 - INFO - [United States] Session 'P' déjà passée
2025-07-30 12:05:53,995 - INFO - [United States] Session 'S' déjà passée
2025-07-30 12:05:53,995 - INFO - [United States] Session 'S' déjà passée
2025-07-30 12:05:53,995 - INFO - [United States] Session 'Q' déjà passée
2025-07-30 12:05:53,995 - INFO - [United States] Session 'R' déjà passée
2025-07-30 12:05:53,995 - INFO - [Italy] Session 'P' déjà passée
2025-07-30 12:05:53,995 - INFO - [Italy] Session 'P' déjà passée
2025-07-30 12:05:53,995 - INFO - [Italy] Session 'P' déjà passée
2025-07-30 12:05:53,996 - INFO - [Italy] Session 'Q' déjà passée
2025-07-30 12:05:53,996 - INFO - [Italy] Session 'R' déjà passée
2025-07-30 12:05:53,996 - INFO - [Monaco] Session 'P' déjà passée
2025-07-30 12:05:53,996 - INFO - [Monaco] Session 'P' déjà passée
2025-07-30 12:05:53,996 - INFO - [Monaco] Session 'P' déjà passée
2025-07-30 12:05:53,996 - INFO - [Monaco] Session 'Q' déjà passée
2025-07-30 12:05:53,996 - INFO - [Monaco] Session 'R' déjà passée
2025-07-30 12:05:53,996 - INFO - [Spain] Session 'P' déjà passée
2025-07-30 12:05:53,997 - INFO - [Spain] Session 'P' déjà passée
2025-07-30 12:05:53,997 - INFO - [Spain] Session 'P' déjà passée
2025-07-30 12:05:53,997 - INFO - [Spain] Session 'Q' déjà passée
2025-07-30 12:05:53,997 - INFO - [Spain] Session 'R' déjà passée
2025-07-30 12:05:53,997 - INFO - [Canada] Session 'P' déjà passée
2025-07-30 12:05:53,997 - INFO - [Canada] Session 'P' déjà passée
2025-07-30 12:05:53,997 - INFO - [Canada] Session 'P' déjà passée
2025-07-30 12:05:53,997 - INFO - [Canada] Session 'Q' déjà passée
2025-07-30 12:05:53,997 - INFO - [Canada] Session 'R' déjà passée
2025-07-30 12:05:53,998 - INFO - [Austria] Session 'P' déjà passée
2025-07-30 12:05:53,998 - INFO - [Austria] Session 'P' déjà passée
2025-07-30 12:05:53,998 - INFO - [Austria] Session 'P' déjà passée
2025-07-30 12:05:53,998 - INFO - [Austria] Session 'Q' déjà passée
2025-07-30 12:05:53,998 - INFO - [Austria] Session 'R' déjà passée
2025-07-30 12:05:53,998 - INFO - [United Kingdom] Session 'P' déjà passée
2025-07-30 12:05:53,998 - INFO - [United Kingdom] Session 'P' déjà passée
2025-07-30 12:05:53,998 - INFO - [United Kingdom] Session 'P' déjà passée
2025-07-30 12:05:53,998 - INFO - [United Kingdom] Session 'Q' déjà passée
2025-07-30 12:05:53,999 - INFO - [United Kingdom] Session 'R' déjà passée
2025-07-30 12:05:53,999 - INFO - [Belgium] Session 'P' déjà passée
2025-07-30 12:05:53,999 - INFO - [Belgium] Session 'S' déjà passée
2025-07-30 12:05:53,999 - INFO - [Belgium] Session 'S' déjà passée
2025-07-30 12:05:53,999 - INFO - [Belgium] Session 'Q' déjà passée
2025-07-30 12:05:53,999 - INFO - [Belgium] Session 'R' déjà passée
2025-07-30 12:05:54,001 - INFO - [Hungary] Prochaine session trouvée : P à Budapest
2025-07-30 12:27:47,774 - INFO - BOT LANCER
2025-07-30 12:28:11,701 - ERROR - Erreur pendant l'enregistrement du prono
Traceback (most recent call last):
  File "C:\Users\mdepe\OneDrive - Groupe ESIEA\Bureau\ESIEABOT\code\Private_Bot_Discord_F1F\app\_app.py", line 76, in submit
    success = pr.pronos_race(
              ^^^^^^^^^^^^^^
AttributeError: module 'pronos' has no attribute 'pronos_race'
2025-07-30 12:31:45,982 - INFO - BOT LANCER
2025-07-30 12:32:09,732 - ERROR - Erreur pendant l'enregistrement du prono
Traceback (most recent call last):
  File "C:\Users\mdepe\OneDrive - Groupe ESIEA\Bureau\ESIEABOT\code\Private_Bot_Discord_F1F\app\_app.py", line 76, in submit
    success = pr.pronos_generic(
        interaction.user.id,
    ...<5 lines>...
        statue_lower
    )
TypeError: pronos_generic() takes from 5 to 6 positional arguments but 7 were given
2025-07-30 12:32:47,808 - ERROR - Erreur pendant l'enregistrement du prono
Traceback (most recent call last):
  File "C:\Users\mdepe\OneDrive - Groupe ESIEA\Bureau\ESIEABOT\code\Private_Bot_Discord_F1F\app\_app.py", line 76, in submit
    success = pr.pronos_generic(
        interaction.user.id,
    ...<5 lines>...
        statue_lower
    )
TypeError: pronos_generic() takes from 5 to 6 positional arguments but 7 were given
2025-07-30 12:33:30,908 - INFO - BOT LANCER
2025-07-30 12:33:53,267 - INFO - matt_karting a fait son pronostic course
2025-07-30 12:34:41,537 - INFO - matt_karting a fait son pronostic qualif
2025-07-30 12:35:05,980 - INFO - matt_karting a fait son pronostic qualif
2025-07-30 12:35:37,176 - INFO - matt_karting à visualisé ses pronos.
2025-07-30 12:36:01,704 - INFO - matt_karting à visualisé ses pronos.
2025-07-30 12:36:14,485 - INFO - matt_karting à visualisé ses pronos.
2025-07-30 12:36:21,404 - INFO - matt_karting a fait son pronostic qualif
2025-07-30 12:36:25,422 - INFO - matt_karting à visualisé ses pronos.
2025-07-30 12:41:58,993 - INFO - BOT LANCER
2025-07-30 12:42:10,227 - INFO - matt_karting à visualisé ses pronos.
2025-07-30 12:45:24,274 - INFO - BOT LANCER
2025-07-30 12:45:31,860 - INFO - matt_karting à visualisé ses pronos.
2025-07-30 12:48:11,262 - INFO - matt_karting à clear 5 lignes dans 🙋・présentation-du-pilote
2025-07-30 12:51:38,641 - INFO - matt_karting a fait son pronostic course
2025-07-30 12:51:43,344 - INFO - matt_karting à visualisé ses pronos.
2025-07-30 12:51:57,328 - INFO - matt_karting a fait son pronostic course
2025-07-30 12:52:01,700 - INFO - matt_karting à visualisé ses pronos.
2025-07-30 12:58:04,610 - INFO - BOT LANCER
2025-07-30 12:58:26,963 - INFO - matt_karting a fait son pronostic qualif
2025-07-30 12:58:44,495 - INFO - matt_karting à visualisé ses pronos.
2025-07-30 12:59:29,876 - INFO - BOT LANCER
2025-07-30 13:03:33,981 - INFO - matt_karting a fait son pronostic course
2025-07-30 13:03:41,010 - INFO - matt_karting à visualisé ses pronos.
2025-07-30 13:50:13,942 - INFO - BOT LANCER
2025-07-30 14:22:25,809 - INFO - BOT LANCER
2025-07-30 14:22:40,035 - INFO - matt_karting à visualisé ses pronos.
2025-07-30 16:37:38,886 - INFO - BOT LANCER
2025-07-30 16:37:47,340 - INFO - matt_karting à regarder le leaderbord
2025-07-30 16:38:06,202 - INFO - la_bagguette à visualisé ses pronos.
2025-07-30 16:38:12,704 - INFO - la_bagguette à regarder le leaderbord
2025-07-31 03:49:02,242 - INFO - BOT LANCER
2025-07-31 09:41:33,547 - INFO - BOT LANCER
2025-07-31 10:17:33,469 - INFO - BOT LANCER
2025-07-31 10:25:34,892 - INFO - BOT LANCER
2025-07-31 10:25:54,149 - INFO - matt_karting a demandé son salaire journalié
2025-07-31 10:26:01,391 - INFO - matt_karting a regardé son solde
2025-07-31 10:31:59,768 - INFO - BOT LANCER
2025-07-31 10:32:07,498 - INFO - matt_karting a regardé son solde
2025-07-31 10:34:06,561 - INFO - BOT LANCER
2025-07-31 10:34:12,583 - INFO - matt_karting a regardé son solde
2025-07-31 10:36:15,974 - INFO - BOT LANCER
2025-07-31 10:36:21,671 - INFO - matt_karting a regardé son solde
2025-07-31 10:36:32,314 - INFO - matt_karting a fais un virement à whisper9741
2025-07-31 10:36:41,169 - INFO - matt_karting a demandé son salaire journalié
2025-07-31 10:39:23,482 - INFO - nollywyn a demandé son salaire journalié
2025-07-31 10:39:33,290 - INFO - nollywyn a regardé son solde
2025-07-31 10:39:52,324 - INFO - nollywyn a fais un virement à matt_karting
2025-07-31 10:40:04,101 - INFO - matt_karting a fais un virement à nollywyn
2025-07-31 10:43:23,951 - INFO - whisper9741 a fais un virement à nollywyn
2025-07-31 10:48:36,621 - INFO - BOT LANCER
2025-07-31 10:49:01,710 - INFO - matt_karting a fais un virement à sf211921
2025-07-31 10:49:26,357 - INFO - sf211921 a demandé son salaire journalié
2025-07-31 10:49:36,723 - INFO - sf211921 a fais un virement à matt_karting
2025-07-31 10:50:14,882 - INFO - matt_karting a fais un virement à whisper9741
2025-07-31 10:51:19,868 - INFO - matt_karting a regardé son solde
2025-07-31 10:52:02,163 - INFO - matt_karting a regardé son solde
2025-07-31 10:53:16,171 - INFO - matt_karting a fais un virement à sf211921
2025-07-31 10:55:26,219 - INFO - whisper9741 a regardé son solde
2025-07-31 10:55:42,036 - INFO - matt_karting a regardé son solde
2025-07-31 10:58:01,464 - INFO - la_bagguette a demandé son salaire journalié
2025-07-31 10:58:41,051 - INFO - matt_karting a fais un virement à la_bagguette
2025-07-31 11:03:19,261 - INFO - BOT LANCER
2025-07-31 11:03:50,597 - INFO - whisper9741 a regardé son solde
2025-07-31 11:04:43,121 - INFO - matt_karting a fais un virement à la_bagguette
2025-07-31 11:05:18,665 - INFO - matt_karting a fais un virement à la_bagguette
2025-07-31 11:07:25,120 - INFO - matt_karting a fais un virement à la_bagguette
2025-07-31 11:07:53,238 - INFO - matt_karting a fais un virement à matt_karting
2025-07-31 11:08:16,877 - INFO - la_bagguette a fais un virement à matt_karting
2025-07-31 11:08:42,919 - INFO - matt_karting a fais un virement à la_bagguette
2025-07-31 11:09:59,231 - INFO - la_bagguette a demandé son salaire journalié
2025-07-31 11:10:27,660 - INFO - matt_karting a fais un virement à la_bagguette
2025-07-31 11:10:43,273 - INFO - la_bagguette a regardé son solde
2025-07-31 11:16:34,317 - INFO - la_bagguette a regardé son solde
2025-07-31 11:16:49,296 - INFO - whisper9741 a regardé son solde
2025-07-31 11:18:45,426 - INFO - whisper9741 a fais un virement à la_bagguette
2025-07-31 11:18:52,735 - INFO - BOT LANCER
2025-07-31 11:19:25,246 - INFO - matt_karting a fais un retrait à la_bagguette
2025-07-31 11:20:07,713 - INFO - matt_karting a fais un virement à la_bagguette
2025-07-31 11:21:00,091 - INFO - BOT LANCER
2025-07-31 11:21:35,400 - INFO - matt_karting à visionné le top 10 du serv
2025-07-31 11:23:45,935 - INFO - matt_karting a fais un retrait à la_bagguette
2025-07-31 11:23:52,088 - INFO - matt_karting à visionné le top 10 du serv
2025-07-31 11:26:53,315 - INFO - BOT LANCER
2025-07-31 11:27:20,692 - WARNING - 823194890779361330 alias sf211921 a tenté de lancer une commande sans en avoir les droits
2025-07-31 11:27:58,394 - INFO - BOT LANCER
2025-07-31 11:31:01,717 - INFO - matt_karting à visionné le top 10 du serv
2025-07-31 11:31:32,068 - WARNING - 944143066716045322 alias la_bagguette a tenté de lancer une commande sans en avoir les droits
2025-07-31 11:45:29,694 - INFO - BOT LANCER
2025-07-31 11:52:25,205 - INFO - BOT LANCER
2025-07-31 11:52:33,242 - INFO - matt_karting a verser **100** sur son compte sécurisé.
2025-07-31 11:57:48,482 - INFO - BOT LANCER
2025-07-31 11:59:45,274 - INFO - matt_karting a regardé son solde protegé
2025-07-31 11:59:50,677 - INFO - matt_karting a regardé son solde
2025-07-31 12:00:35,745 - INFO - matt_karting a verser **10000000** sur son compte sécurisé.
2025-07-31 12:02:54,858 - INFO - BOT LANCER
2025-07-31 12:03:11,953 - INFO - matt_karting a regardé son solde protegé
2025-07-31 12:03:20,676 - INFO - matt_karting a regardé son solde
2025-07-31 12:06:18,255 - INFO - BOT LANCER
2025-07-31 12:07:20,653 - INFO - matt_karting a verser **500** sur son compte courant.
2025-07-31 12:09:55,955 - INFO - BOT LANCER
2025-07-31 12:10:03,701 - INFO - matt_karting a verser **500** sur son compte courant.
2025-07-31 12:10:09,848 - INFO - matt_karting a regardé son solde
2025-07-31 12:10:34,213 - INFO - BOT LANCER
2025-07-31 12:10:41,286 - INFO - matt_karting a verser **500** sur son compte courant.
2025-07-31 12:10:45,739 - INFO - matt_karting a regardé son solde
2025-07-31 12:12:02,114 - INFO - matt_karting a regardé son solde protegé
2025-07-31 12:12:30,905 - INFO - BOT LANCER
2025-07-31 12:12:36,358 - INFO - matt_karting a regardé son solde protegé
2025-07-31 12:13:01,437 - INFO - matt_karting à visionné le top 10 du serv
2025-07-31 12:16:59,393 - INFO - whisper9741 a regardé son solde
2025-07-31 12:17:03,728 - INFO - whisper9741 a regardé son solde protegé
2025-07-31 12:17:15,628 - INFO - whisper9741 a verser **1500000** sur son compte sécurisé.
2025-07-31 12:17:25,512 - INFO - whisper9741 a regardé son solde protegé
2025-07-31 12:17:32,513 - INFO - whisper9741 a regardé son solde
2025-07-31 12:17:46,804 - INFO - whisper9741 a verser **5000** sur son compte courant.
2025-07-31 12:17:53,440 - INFO - whisper9741 a regardé son solde
2025-07-31 12:17:58,176 - INFO - whisper9741 a regardé son solde protegé
2025-07-31 12:18:05,854 - INFO - whisper9741 à visionné le top 10 du serv
2025-07-31 12:18:45,986 - INFO - whisper9741 a verser **100000000000** sur son compte sécurisé.
2025-07-31 12:19:06,809 - INFO - whisper9741 a verser **1000000000000000** sur son compte sécurisé.
2025-07-31 12:20:33,581 - INFO - whisper9741 à visionné le top 10 du serv
2025-07-31 12:21:00,749 - INFO - whisper9741 a regardé son solde
2025-07-31 12:21:13,659 - INFO - whisper9741 a regardé son solde protegé
2025-07-31 12:31:13,255 - INFO - BOT LANCER
2025-07-31 12:40:13,098 - INFO - BOT LANCER
2025-07-31 12:42:50,240 - INFO - BOT LANCER
2025-07-31 12:43:21,152 - INFO - matt_karting a regardé son solde
2025-07-31 12:44:17,519 - INFO - BOT LANCER
2025-07-31 12:49:36,033 - INFO - BOT LANCER
2025-07-31 12:50:16,308 - INFO - matt_karting a ouvert la boutique.
2025-07-31 12:58:09,435 - INFO - BOT LANCER
2025-07-31 12:58:17,092 - INFO - matt_karting a ouvert la boutique.
2025-07-31 13:00:28,995 - INFO - BOT LANCER
2025-07-31 13:00:35,151 - INFO - matt_karting a regardé son solde
2025-07-31 13:00:41,539 - INFO - matt_karting a ouvert la boutique.
2025-07-31 13:04:14,579 - INFO - BOT LANCER
2025-07-31 13:04:22,511 - INFO - matt_karting a ouvert la boutique.
2025-07-31 13:07:03,488 - INFO - BOT LANCER
2025-07-31 13:07:11,276 - INFO - matt_karting a ouvert la boutique.
2025-07-31 13:07:19,418 - INFO - matt_karting a regardé son solde
2025-07-31 13:08:07,235 - INFO - matt_karting a ouvert la boutique.
2025-07-31 13:08:14,220 - INFO - matt_karting a regardé son solde
2025-07-31 13:10:10,345 - INFO - whisper9741 a ouvert la boutique.
2025-07-31 13:27:53,930 - INFO - BOT LANCER
2025-07-31 13:28:08,388 - INFO - matt_karting a ouvert la boutique.
2025-07-31 13:30:14,823 - INFO - BOT LANCER
2025-07-31 13:30:38,788 - INFO - matt_karting a ouvert la boutique.
2025-07-31 13:41:55,004 - INFO - matt_karting a ouvert la boutique.
2025-07-31 13:43:21,082 - INFO - BOT LANCER
2025-07-31 13:43:27,270 - INFO - matt_karting a ouvert la boutique.
2025-07-31 14:16:11,203 - INFO - BOT LANCER
2025-07-31 14:42:43,405 - INFO - BOT LANCER
2025-07-31 14:42:51,990 - INFO - matt_karting a ouvert la boutique.
2025-07-31 14:45:49,690 - INFO - matt_karting a ouvert la boutique.
2025-07-31 14:50:38,648 - INFO - matt_karting a ouvert la boutique.
2025-07-31 14:52:51,620 - INFO - BOT LANCER
2025-07-31 14:52:59,640 - INFO - matt_karting a ouvert la boutique.
2025-07-31 14:57:18,179 - INFO - BOT LANCER
2025-07-31 14:57:45,626 - INFO - matt_karting a ouvert la boutique.
2025-07-31 15:04:32,800 - INFO - la_bagguette a ouvert la boutique.
2025-07-31 15:14:02,122 - INFO - BOT LANCER
2025-07-31 15:14:14,594 - INFO - matt_karting a ouvert la boutique.
2025-07-31 15:15:22,506 - INFO - BOT LANCER
2025-07-31 15:15:31,219 - INFO - matt_karting a ouvert la boutique.
2025-07-31 15:15:43,167 - INFO - matt_karting a regardé son solde
2025-07-31 15:15:53,883 - INFO - matt_karting a verser **200000** sur son compte courant.
2025-07-31 15:15:58,809 - INFO - matt_karting a regardé son solde
2025-07-31 15:16:07,476 - INFO - matt_karting a regardé son solde
2025-07-31 15:16:48,130 - INFO - cy16.lmb a regardé son solde
2025-07-31 15:17:13,680 - INFO - BOT LANCER
2025-07-31 15:17:31,977 - INFO - matt_karting a ouvert la boutique.
2025-07-31 15:17:33,166 - INFO - cy16.lmb a demandé son salaire journalié
2025-07-31 15:17:38,316 - INFO - ✅ Rôle 'Le GOAT des GOATs' ajouté à Matt
2025-07-31 15:17:44,507 - INFO - matt_karting a regardé son solde
2025-07-31 15:18:49,736 - INFO - BOT LANCER
2025-07-31 15:18:58,498 - INFO - matt_karting a ouvert la boutique.
2025-07-31 15:19:02,762 - INFO - ✅ Rôle 'Le GOAT des GOATs' ajouté à Matt
2025-07-31 15:19:07,944 - INFO - matt_karting a regardé son solde
2025-07-31 15:20:19,855 - INFO - matt_karting a ouvert la boutique.
2025-07-31 15:20:24,004 - INFO - ✅ Rôle 'Le GOAT des GOATs' ajouté à Matt
2025-07-31 15:20:38,013 - INFO - matt_karting a regardé son solde
2025-07-31 15:21:14,523 - INFO - cy16.lmb a regardé son solde
2025-07-31 15:27:26,967 - INFO - BOT LANCER
2025-07-31 15:27:34,038 - INFO - matt_karting a ouvert la boutique.
2025-07-31 15:27:42,347 - INFO - ✅ Rôle 'Le GOAT des GOATs' ajouté à Matt
2025-07-31 15:31:10,755 - INFO - BOT LANCER
2025-07-31 15:31:20,406 - INFO - matt_karting a ouvert la boutique.
2025-07-31 15:31:35,832 - INFO - matt_karting a ouvert la boutique.
2025-07-31 15:31:47,473 - INFO - matt_karting a regardé son solde
2025-07-31 15:31:56,181 - INFO - matt_karting a verser **500000** sur son compte courant.
2025-07-31 15:32:00,777 - INFO - matt_karting a regardé son solde
2025-07-31 15:46:00,341 - INFO - BOT LANCER
2025-07-31 15:46:26,353 - INFO - matt_karting a ouvert la boutique.
2025-07-31 15:47:57,646 - INFO - BOT LANCER
2025-07-31 15:48:11,818 - INFO - matt_karting a ouvert la boutique.
2025-07-31 15:49:58,907 - INFO - BOT LANCER
2025-07-31 15:50:07,177 - INFO - matt_karting a ouvert la boutique.
2025-07-31 15:51:23,574 - INFO - BOT LANCER
2025-07-31 15:51:30,738 - INFO - matt_karting a ouvert la boutique.
2025-07-31 15:51:34,380 - INFO - ✅ Rôle 'Le GOAT des GOATs' ajouté à Matt
2025-07-31 15:51:52,186 - INFO - matt_karting a regardé son solde
2025-07-31 15:52:06,738 - INFO - matt_karting a verser **10000000000000** sur son compte courant.
2025-07-31 15:52:14,862 - INFO - matt_karting a ouvert la boutique.
2025-07-31 16:01:16,747 - INFO - BOT LANCER
2025-07-31 16:01:37,908 - INFO - matt_karting a ouvert la boutique.
2025-07-31 16:01:43,309 - INFO - Rôle Boost 24h ajouté à Matt pour 60 secondes.
2025-07-31 16:05:08,183 - INFO - BOT LANCER
2025-07-31 16:05:23,445 - INFO - matt_karting a ouvert la boutique.
2025-07-31 16:05:27,186 - INFO - Rôle Boost 24h ajouté à Matt pour 86400 secondes.
2025-07-31 16:12:01,169 - INFO - matt_karting a regardé son solde
2025-07-31 16:12:04,965 - INFO - matt_karting a ouvert la boutique.
2025-07-31 16:12:18,593 - INFO - ✅ Rôle 'Le GOAT des GOATs' ajouté à Matt
2025-07-31 16:12:28,982 - INFO - matt_karting a regardé son solde
2025-07-31 16:12:29,131 - INFO - whisper9741 a ouvert la boutique.
2025-07-31 16:12:46,194 - INFO - matt_karting a regardé son solde
2025-07-31 16:12:47,247 - INFO - ✅ Rôle 'Le GOAT des GOATs' ajouté à Whiiisp'
2025-07-31 16:13:09,032 - INFO - Rôle Boost 24h ajouté à Whiiisp' pour 86400 secondes.
2025-07-31 16:13:15,031 - INFO - Rôle Boost 24h ajouté à Whiiisp' pour 86400 secondes.
2025-07-31 16:17:51,200 - INFO - BOT LANCER
2025-07-31 16:18:00,733 - INFO - matt_karting a ouvert la boutique.
2025-07-31 16:18:03,954 - INFO - Rôle Boost 24h ajouté à Matt pour 60 secondes.
2025-07-31 16:19:04,331 - INFO - Rôle Boost 24h retiré de Matt après expiration.
2025-07-31 16:22:23,133 - INFO - BOT LANCER
2025-07-31 16:22:35,052 - INFO - matt_karting a ouvert la boutique.
2025-07-31 16:22:43,230 - INFO - matt_karting a regardé son solde
2025-07-31 16:22:46,759 - INFO - Rôle Boost 24h ajouté à Matt pour 86400 secondes.
2025-07-31 16:22:51,993 - INFO - matt_karting a regardé son solde
2025-07-31 16:28:12,634 - INFO - BOT LANCER
2025-07-31 16:28:27,377 - INFO - matt_karting a ouvert la boutique.
2025-07-31 16:29:30,367 - INFO - BOT LANCER
2025-07-31 16:29:37,713 - INFO - matt_karting a ouvert la boutique.
2025-07-31 16:34:19,590 - INFO - BOT LANCER
2025-07-31 16:34:39,745 - INFO - matt_karting a ouvert la boutique.
2025-07-31 16:38:08,451 - INFO - BOT LANCER
2025-07-31 16:38:17,033 - INFO - matt_karting a ouvert la boutique.
2025-07-31 16:40:39,419 - INFO - BOT LANCER
2025-07-31 16:40:51,926 - INFO - matt_karting a ouvert la boutique.
2025-07-31 16:44:09,425 - INFO - BOT LANCER
2025-07-31 16:44:15,500 - INFO - matt_karting a ouvert la boutique.
2025-07-31 16:44:19,388 - INFO - ✅ Rôle 'Mention Suprême Parle Trop' ajouté à Matt
2025-07-31 16:44:33,139 - INFO - matt_karting a regardé son solde
2025-07-31 16:44:55,889 - INFO - whisper9741 a ouvert la boutique.
2025-07-31 16:46:03,248 - INFO - matt_karting a ouvert la boutique.
2025-07-31 16:46:35,478 - INFO - BOT LANCER
2025-07-31 16:46:41,966 - INFO - matt_karting a ouvert la boutique.
2025-07-31 16:46:45,650 - INFO - Rôle Boost 24h ajouté à Matt pour 86400 secondes.
2025-07-31 16:47:37,200 - INFO - whisper9741 a ouvert la boutique.
2025-07-31 16:47:44,778 - INFO - Rôle Boost 24h ajouté à Whiiisp' pour 86400 secondes.
2025-07-31 16:48:42,620 - INFO - ✅ Rôle 'Le GOAT des GOATs' ajouté à Whiiisp'
2025-07-31 16:49:17,352 - INFO - ✅ Rôle 'Mention Suprême Parle Trop' ajouté à Whiiisp'
2025-07-31 16:49:23,398 - INFO - matt_karting a ouvert la boutique.
2025-07-31 16:49:27,507 - INFO - ✅ Rôle 'Le GOAT des GOATs' ajouté à Matt
2025-07-31 16:49:49,995 - INFO - BOT LANCER
2025-07-31 16:49:52,088 - INFO - whisper9741 a ouvert la boutique.
2025-07-31 16:49:56,950 - INFO - matt_karting a ouvert la boutique.
2025-07-31 16:50:00,742 - INFO - ✅ Rôle 'Le GOAT des GOATs' ajouté à Matt
2025-07-31 16:50:05,183 - INFO - ✅ Rôle 'Le GOAT des GOATs' ajouté à Whiiisp'
2025-07-31 16:50:05,542 - INFO - matt_karting a ouvert la boutique.
2025-07-31 16:50:09,170 - INFO - Rôle Boost 24h ajouté à Matt pour 86400 secondes.
2025-07-31 16:50:14,070 - INFO - ✅ Rôle 'Mention Suprême Parle Trop' ajouté à Matt
2025-07-31 16:56:16,814 - INFO - BOT LANCER
2025-07-31 16:56:22,415 - INFO - matt_karting a ouvert la boutique.
2025-07-31 16:56:26,035 - INFO - ✅ Rôle 'Le GOAT des GOATs' ajouté à Matt
2025-07-31 16:57:16,217 - INFO - matt_karting a ouvert la boutique.
2025-07-31 16:57:20,750 - INFO - ✅ Rôle 'Mention Suprême Parle Trop' ajouté à Matt
2025-07-31 16:57:29,880 - INFO - Rôle Boost 24h ajouté à Matt pour 86400 secondes.
2025-07-31 17:02:05,049 - INFO - whisper9741 a ouvert la boutique.
2025-07-31 17:02:15,574 - INFO - Rôle Boost 24h ajouté à Whiiisp' pour 86400 secondes.
